{"level":"info","ts":"2024-11-01T11:01:19.164+0330","caller":"db/postgres.go:36","msg":"The Connection has established!","AppName":"MyApp","LoggerName":"Zap","Category":"Postgres","SubCategory":"StartUp"}
{"level":"info","AppName":"MyApp","LoggerName":"Zerolog","Category":"Postgres","SubCategory":"StartUp","time":"2024-11-01T11:08:30+03:30","message":"The Connection has established!"}
{"level":"info","AppName":"MyApp","LoggerName":"Zerolog","Category":"Postgres","SubCategory":"StartUp","time":"2024-11-01T11:28:22+03:30","message":"The Connection has established!"}
{"level":"info","AppName":"MyApp","LoggerName":"Zerolog","Category":"Postgres","SubCategory":"StartUp","time":"2024-11-01T12:28:16+03:30","message":"The Connection has established!"}
{"level":"info","AppName":"MyApp","LoggerName":"Zerolog","Category":"Postgres","SubCategory":"StartUp","time":"2024-11-01T12:42:21+03:30","message":"The Connection has established!"}
{"level":"info","AppName":"MyApp","LoggerName":"Zerolog","Category":"Postgres","SubCategory":"StartUp","time":"2024-11-05T16:39:17+03:30","message":"The Connection has established!"}
{"level":"fatal","AppName":"MyApp","LoggerName":"Zerolog","Category":"Redis","SubCategory":"StartUp","time":"2024-11-06T20:42:31+03:30","message":"i/o timeout"}
{"level":"info","AppName":"MyApp","LoggerName":"Zerolog","Category":"Postgres","SubCategory":"StartUp","time":"2024-11-06T22:53:09+03:30","message":"The Connection has established!"}
{"level":"info","AppName":"MyApp","LoggerName":"Zerolog","Category":"RequestResponse","SubCategory":"Api","BodySize":109,"ClientIP":"::1","ErrorMessage":"","Latancy":0,"Method":"GET","Path":"/api/v1/test/user/:id","RequestBody":"","ResponseBody":"","StatusCode":200,"time":"2024-11-06T23:00:35+03:30"}
{"level":"info","AppName":"MyApp","LoggerName":"Zerolog","Category":"RequestResponse","SubCategory":"Api","BodySize":109,"ClientIP":"::1","ErrorMessage":"","Latancy":0.103,"Method":"GET","Path":"/api/v1/test/user/:id","RequestBody":"","ResponseBody":"","StatusCode":200,"time":"2024-11-06T23:00:36+03:30"}
{"level":"info","AppName":"MyApp","LoggerName":"Zerolog","Category":"RequestResponse","SubCategory":"Api","BodySize":213,"ClientIP":"::1","ErrorMessage":"","Latancy":7.6266,"Method":"POST","Path":"/api/v1/test/binder/body","RequestBody":"{\n  \"first_name\": \"string\",\n  \"last_name\": \"string\",\n  \"mobile_number\": \"stringstrin\",\n  \"password\": \"string\"\n}","ResponseBody":"","StatusCode":400,"time":"2024-11-06T23:00:43+03:30"}
{"level":"info","AppName":"MyApp","LoggerName":"Zerolog","Category":"RequestResponse","SubCategory":"Api","BodySize":213,"ClientIP":"::1","ErrorMessage":"","Latancy":3.9789,"Method":"POST","Path":"/api/v1/test/binder/body","RequestBody":"{\n  \"first_name\": \"string\",\n  \"last_name\": \"string\",\n  \"mobile_number\": \"stringstrin\",\n  \"password\": \"string\"\n}","ResponseBody":"","StatusCode":400,"time":"2024-11-06T23:00:44+03:30"}
{"level":"info","AppName":"MyApp","LoggerName":"Zerolog","Category":"Postgres","SubCategory":"StartUp","time":"2024-11-16T21:13:47+03:30","message":"The Connection has established!"}
{"level":"info","AppName":"MyApp","LoggerName":"Zerolog","Category":"Postgres","SubCategory":"StartUp","time":"2024-11-16T21:38:34+03:30","message":"The Connection has established!"}
{"level":"info","AppName":"MyApp","LoggerName":"Zerolog","Category":"Postgres","SubCategory":"StartUp","time":"2024-11-16T22:13:14+03:30","message":"The Connection has established!"}
{"level":"info","AppName":"MyApp","LoggerName":"Zerolog","Category":"RequestResponse","SubCategory":"Api","BodySize":207,"ClientIP":"127.0.0.1","ErrorMessage":"","Latancy":2.2315,"Method":"POST","Path":"/api/v1/test/binder/body","RequestBody":"{\"first_name\": \"harpy\",\n\"last_name\": \"codeeee\",\n  \"mobile_number\": \"09998726400\",\n  \"password\": \"als@SD23\"\n}","ResponseBody":"","StatusCode":200,"time":"2024-11-16T22:14:44+03:30"}
{"level":"info","AppName":"MyApp","LoggerName":"Zerolog","Category":"RequestResponse","SubCategory":"Api","BodySize":207,"ClientIP":"127.0.0.1","ErrorMessage":"","Latancy":1.6579,"Method":"POST","Path":"/api/v1/test/binder/body","RequestBody":"{\"first_name\": \"harpy\",\n\"last_name\": \"codeeee\",\n  \"mobile_number\": \"09998726400\",\n  \"password\": \"als@SD23\"\n}","ResponseBody":"","StatusCode":200,"time":"2024-11-16T22:14:46+03:30"}
{"level":"info","AppName":"MyApp","LoggerName":"Zerolog","Category":"RequestResponse","SubCategory":"Api","BodySize":207,"ClientIP":"127.0.0.1","ErrorMessage":"","Latancy":0.2807,"Method":"POST","Path":"/api/v1/test/binder/body","RequestBody":"{\"first_name\": \"harpy\",\n\"last_name\": \"codeeee\",\n  \"mobile_number\": \"09998726400\",\n  \"password\": \"als@SD23\"\n}","ResponseBody":"","StatusCode":200,"time":"2024-11-16T22:14:47+03:30"}
{"level":"info","AppName":"MyApp","LoggerName":"Zerolog","Category":"Postgres","SubCategory":"StartUp","time":"2024-11-21T16:08:46+03:30","message":"The Connection has established!"}
{"level":"info","AppName":"MyApp","LoggerName":"Zerolog","Category":"Postgres","SubCategory":"Migration","time":"2024-11-21T16:08:47+03:30","message":"Tables created!"}
